============================= test session starts =============================
platform win32 -- Python 3.13.1, pytest-8.3.4, pluggy-1.5.0 -- C:\Users\User\AppData\Local\Programs\Python\Python313\python.exe
cachedir: .pytest_cache
rootdir: C:\Users\User\Documents\qa_project_3
plugins: anyio-4.8.0, Faker-36.1.0
collecting ... collected 10 items

tests/test_data_validation.py::test_csv_required_fields PASSED           [ 10%]
tests/test_data_validation.py::test_csv_valid_emails FAILED              [ 20%]
tests/test_data_validation.py::test_csv_positive_salary FAILED           [ 30%]
tests/test_data_validation.py::test_csv_valid_dates FAILED               [ 40%]
tests/test_data_validation.py::test_json_employee_id_exists FAILED       [ 50%]
tests/test_data_validation.py::test_json_positive_quantity FAILED        [ 60%]
tests/test_data_validation.py::test_json_no_empty_products FAILED        [ 70%]
tests/test_data_validation.py::test_json_valid_dates FAILED              [ 80%]
tests/test_data_validation.py::test_generate_excel_report PASSED         [ 90%]
tests/test_data_validation.py::test_performance_metrics PASSED           [100%]

================================== FAILURES ===================================
____________________________ test_csv_valid_emails ____________________________

csv_data =     id           name  ...   department salary
0    1    Alice Smith  ...           HR  50000
1    2      Bob Jones  ....00
48  49       Vera Sun  ...    Marketing  62000
49  50       Walt Kim  ...           IT  64000

[50 rows x 6 columns]

    def test_csv_valid_emails(csv_data):
        pattern = re.compile(CONFIG["csv"]["email_pattern"])
        invalid = csv_data[~csv_data["email"].str.match(pattern, na=False)]["email"].tolist()
>       assert not invalid, f"Invalid emails: {invalid}"
E       AssertionError: Invalid emails: ['charlie@company', nan, 'jack.reed@company', 'liam@company', 'paula@company', 'beth@company', 'greg@company', 'lara@company']
E       assert not ['charlie@company', nan, 'jack.reed@company', 'liam@company', 'paula@company', 'beth@company', ...]

tests\test_data_validation.py:36: AssertionError
__________________________ test_csv_positive_salary ___________________________

csv_data =     id           name  ...   department salary
0    1    Alice Smith  ...           HR  50000
1    2      Bob Jones  ....00
48  49       Vera Sun  ...    Marketing  62000
49  50       Walt Kim  ...           IT  64000

[50 rows x 6 columns]

    def test_csv_positive_salary(csv_data):
        invalid = csv_data[csv_data["salary"] <= 0]["salary"].tolist()
>       assert not invalid, f"Negative or zero salaries: {invalid}"
E       AssertionError: Negative or zero salaries: [-2000, -500, -1000]
E       assert not [-2000, -500, -1000]

tests\test_data_validation.py:41: AssertionError
____________________________ test_csv_valid_dates _____________________________

csv_data =     id           name  ...   department salary
0    1    Alice Smith  ...           HR  50000
1    2      Bob Jones  ....00
48  49       Vera Sun  ...    Marketing  62000
49  50       Walt Kim  ...           IT  64000

[50 rows x 6 columns]

    def test_csv_valid_dates(csv_data):
        invalid = []
        future = []
        for date in csv_data["hire_date"]:
            try:
                parsed = datetime.strptime(str(date), CONFIG["csv"]["date_format"])
                if parsed > datetime.now():
                    future.append(date)
            except ValueError:
                invalid.append(date)
>       assert not (invalid or future), f"Invalid dates: {invalid}, Future dates: {future}"
E       AssertionError: Invalid dates: ['2023-13-01', nan, '2023-02-29', '2023-15-01'], Future dates: ['2025-06-01']
E       assert not (['2023-13-01', nan, '2023-02-29', '2023-15-01'])

tests\test_data_validation.py:53: AssertionError
________________________ test_json_employee_id_exists _________________________

csv_data =     id           name  ...   department salary
0    1    Alice Smith  ...           HR  50000
1    2      Bob Jones  ....00
48  49       Vera Sun  ...    Marketing  62000
49  50       Walt Kim  ...           IT  64000

[50 rows x 6 columns]
json_data = [{'date': '2023-06-15', 'employee_id': 1, 'price': 1000, 'product': 'Laptop', ...}, {'date': '2023-07-01', 'employee_i...: 50, 'product': 'Keyboard', ...}, {'date': '2025-01-01', 'employee_id': 6, 'price': 150, 'product': 'Desk', ...}, ...]

    def test_json_employee_id_exists(csv_data, json_data):
        employee_ids = set(csv_data["id"])
        invalid = [item["transaction_id"] for item in json_data if item["employee_id"] not in employee_ids]
>       assert not invalid, f"Transactions with unknown employee IDs: {invalid}"
E       AssertionError: Transactions with unknown employee IDs: ['T004', 'T018']
E       assert not ['T004', 'T018']

tests\test_data_validation.py:59: AssertionError
_________________________ test_json_positive_quantity _________________________

json_data = [{'date': '2023-06-15', 'employee_id': 1, 'price': 1000, 'product': 'Laptop', ...}, {'date': '2023-07-01', 'employee_i...: 50, 'product': 'Keyboard', ...}, {'date': '2025-01-01', 'employee_id': 6, 'price': 150, 'product': 'Desk', ...}, ...]

    def test_json_positive_quantity(json_data):
        invalid = [item["transaction_id"] for item in json_data if item["quantity"] <= 0]
>       assert not invalid, f"Negative or zero quantities: {invalid}"
E       AssertionError: Negative or zero quantities: ['T002', 'T008', 'T015', 'T020', 'T029']
E       assert not ['T002', 'T008', 'T015', 'T020', 'T029']

tests\test_data_validation.py:64: AssertionError
_________________________ test_json_no_empty_products _________________________

json_data = [{'date': '2023-06-15', 'employee_id': 1, 'price': 1000, 'product': 'Laptop', ...}, {'date': '2023-07-01', 'employee_i...: 50, 'product': 'Keyboard', ...}, {'date': '2025-01-01', 'employee_id': 6, 'price': 150, 'product': 'Desk', ...}, ...]

    def test_json_no_empty_products(json_data):
        empty = [item["transaction_id"] for item in json_data if not item["product"]]
>       assert not empty, f"Empty product names: {empty}"
E       AssertionError: Empty product names: ['T003', 'T012']
E       assert not ['T003', 'T012']

tests\test_data_validation.py:69: AssertionError
____________________________ test_json_valid_dates ____________________________

json_data = [{'date': '2023-06-15', 'employee_id': 1, 'price': 1000, 'product': 'Laptop', ...}, {'date': '2023-07-01', 'employee_i...: 50, 'product': 'Keyboard', ...}, {'date': '2025-01-01', 'employee_id': 6, 'price': 150, 'product': 'Desk', ...}, ...]

    def test_json_valid_dates(json_data):
        invalid = []
        future = []
        for item in json_data:
            try:
                parsed = datetime.strptime(item["date"], CONFIG["csv"]["date_format"])
                if parsed > datetime.now():
                    future.append(item["date"])
            except ValueError:
                invalid.append(item["transaction_id"])
>       assert not (invalid or future), f"Invalid dates: {invalid}, Future dates: {future}"
E       AssertionError: Invalid dates: ['T021'], Future dates: []
E       assert not (['T021'])

tests\test_data_validation.py:82: AssertionError
=========================== short test summary info ===========================
FAILED tests/test_data_validation.py::test_csv_valid_emails - AssertionError:...
FAILED tests/test_data_validation.py::test_csv_positive_salary - AssertionErr...
FAILED tests/test_data_validation.py::test_csv_valid_dates - AssertionError: ...
FAILED tests/test_data_validation.py::test_json_employee_id_exists - Assertio...
FAILED tests/test_data_validation.py::test_json_positive_quantity - Assertion...
FAILED tests/test_data_validation.py::test_json_no_empty_products - Assertion...
FAILED tests/test_data_validation.py::test_json_valid_dates - AssertionError:...
========================= 7 failed, 3 passed in 0.83s =========================
